
> temp_next@0.1.0 build
> next build

Γû▓ Next.js 16.1.6 (Turbopack)
- Environments: .env.local, .env

node.exe : ΓÜá The "middleware" file convention is 
deprecated. Please use "proxy" instead. Learn more: 
https://nextjs.org/docs/messages/middleware-to-proxy
At line:1 char:1
+ & "C:\Program Files\nodejs/node.exe" "C:\Program 
Files\nodejs/node_mo ...
+ ~~~~~~~~~~~~~~~~~~~~~~~~~~~~~~~~~~~~~~~~~~~~~~~~~~~~~~~~~
~~~~~~~~~~~~
    + CategoryInfo          : NotSpecified: (ΓÜá The "midd 
   le...leware-to-proxy:String) [], RemoteException
    + FullyQualifiedErrorId : NativeCommandError
 
  Creating an optimized production build ...
Γ£ô Compiled successfully in 24.3s
  Skipping validation of types
  Collecting page data using 15 workers ...
Γ£à  [ENV] Twilio WhatsApp ΓÇö configured

ΓÜá∩╕Å  [ENV] Razorpay Payments ΓÇö missing: 
RAZORPAY_KEY_ID, RAZORPAY_SECRET
   Γå│ Payments will be mocked (dev mode). Real charges 
will NOT be processed.
   Γå│ Setup: https://dashboard.razorpay.com/app/keys

Γ£à  [ENV] Twilio WhatsApp ΓÇö configured

ΓÜá∩╕Å  [ENV] Razorpay Payments ΓÇö missing: 
RAZORPAY_KEY_ID, RAZORPAY_SECRET
   Γå│ Payments will be mocked (dev mode). Real charges 
will NOT be processed.
   Γå│ Setup: https://dashboard.razorpay.com/app/keys

Γ£à  [ENV] Twilio WhatsApp ΓÇö configured

ΓÜá∩╕Å  [ENV] Razorpay Payments ΓÇö missing: 
RAZORPAY_KEY_ID, RAZORPAY_SECRET
   Γå│ Payments will be mocked (dev mode). Real charges 
will NOT be processed.
   Γå│ Setup: https://dashboard.razorpay.com/app/keys

Γ£à  [ENV] Twilio WhatsApp ΓÇö configured

ΓÜá∩╕Å  [ENV] Razorpay Payments ΓÇö missing: 
RAZORPAY_KEY_ID, RAZORPAY_SECRET
   Γå│ Payments will be mocked (dev mode). Real charges 
will NOT be processed.
   Γå│ Setup: https://dashboard.razorpay.com/app/keys

  Generating static pages using 15 workers (0/28) ...
Γ£à  [ENV] Twilio WhatsApp ΓÇö configured

ΓÜá∩╕Å  [ENV] Razorpay Payments ΓÇö missing: 
RAZORPAY_KEY_ID, RAZORPAY_SECRET
   Γå│ Payments will be mocked (dev mode). Real charges 
will NOT be processed.
   Γå│ Setup: https://dashboard.razorpay.com/app/keys

  Generating static pages using 15 workers (7/28) 
Γ£à  [ENV] Twilio WhatsApp ΓÇö configured

ΓÜá∩╕Å  [ENV] Razorpay Payments ΓÇö missing: 
RAZORPAY_KEY_ID, RAZORPAY_SECRET
   Γå│ Payments will be mocked (dev mode). Real charges 
will NOT be processed.
   Γå│ Setup: https://dashboard.razorpay.com/app/keys

  Generating static pages using 15 workers (14/28) 
  Generating static pages using 15 workers (21/28) 
Γ£ô Generating static pages using 15 workers (28/28) in 4.6s
  Finalizing page optimization ...

Route (app)
Γöî Γùï /
Γö£ Γùï /_not-found
Γö£ Γùï /admin
Γö£ Γùï /admin/analytics
Γö£ Γùï /admin/bookings
Γö£ Γùï /admin/dashboard
Γö£ Γùï /admin/login
Γö£ Γùï /admin/services
Γö£ Γùï /admin/staff
Γö£ ╞Æ /api/admin/appointments/[id]/status
Γö£ ╞Æ /api/ai-autofill
Γö£ ╞Æ /api/auth/session
Γö£ ╞Æ /api/crm/clients
Γö£ ╞Æ /api/crm/clients/vip
Γö£ ╞Æ /api/cron/reminders
Γö£ ╞Æ /api/notifications/whatsapp
Γö£ ╞Æ /api/payments/create-order
Γö£ ╞Æ /api/payments/verify
Γö£ ╞Æ /api/revenue/stats
Γö£ ╞Æ /api/send-confirmation
Γö£ ╞Æ /api/slots
Γö£ ╞Æ /api/staff
Γö£ ╞Æ /api/staff/for-service/[serviceId]
Γö£ ╞Æ /api/test-whatsapp
Γö£ Γùï /staff
Γö£ Γùï /staff/dashboard
Γö£ Γùï /staff/login
Γöö Γùï /test-whatsapp


╞Æ Proxy (Middleware)

Γùï  (Static)   prerendered as static content
╞Æ  (Dynamic)  server-rendered on demand

