features add/AdminDashboard.tsx(7,34): error TS2307: Cannot find module '../components/admin/RevenueDashboard' or its corresponding type declarations.
features add/AdminDashboard.tsx(8,34): error TS2307: Cannot find module '../components/admin/StaffManager' or its corresponding type declarations.
features add/AdminDashboard.tsx(9,34): error TS2307: Cannot find module '../components/admin/CRMTable' or its corresponding type declarations.
features add/AdminDashboard.tsx(10,34): error TS2307: Cannot find module '../components/admin/GalleryManager' or its corresponding type declarations.
features add/api.ts(8,24): error TS2339: Property 'env' does not exist on type 'ImportMeta'.
features add/App.tsx(7,46): error TS2307: Cannot find module 'react-router-dom' or its corresponding type declarations.
features add/App.tsx(8,25): error TS2307: Cannot find module 'react-hot-toast' or its corresponding type declarations.
features add/App.tsx(14,42): error TS2307: Cannot find module './pages/BookingPage' or its corresponding type declarations.
features add/App.tsx(15,42): error TS2307: Cannot find module './pages/AdminDashboard' or its corresponding type declarations.
features add/BookingPage.tsx(8,43): error TS2307: Cannot find module '../services/api' or its corresponding type declarations.
features add/BookingPage.tsx(9,29): error TS2307: Cannot find module '../components/booking/StaffPicker' or its corresponding type declarations.
features add/BookingPage.tsx(10,28): error TS2307: Cannot find module '../components/booking/SlotPicker' or its corresponding type declarations.
features add/BookingPage.tsx(11,30): error TS2307: Cannot find module '../components/booking/PaymentModal' or its corresponding type declarations.
features add/BookingPage.tsx(12,71): error TS2307: Cannot find module '../types' or its corresponding type declarations.
features add/BookingPage.tsx(77,14): error TS7006: Parameter 'res' implicitly has an 'any' type.
features add/BookingPage.tsx(409,21): error TS7006: Parameter 'paymentId' implicitly has an 'any' type.
features add/crmRevenueGallery.ts(4,35): error TS7016: Could not find a declaration file for module 'express'. 'C:/Users/PC/.gemini/antigravity/scratch/mens-salon/node_modules/express/index.js' implicitly has an 'any' type.
  Try `npm i --save-dev @types/express` if it exists or add a new declaration (.d.ts) file containing `declare module 'express';`
features add/crmRevenueGallery.ts(5,20): error TS2307: Cannot find module '../config/firebase' or its corresponding type declarations.
features add/crmRevenueGallery.ts(6,29): error TS2307: Cannot find module '../models/firestoreSchema' or its corresponding type declarations.
features add/crmRevenueGallery.ts(16,36): error TS7006: Parameter 'd' implicitly has an 'any' type.
features add/crmRevenueGallery.ts(30,36): error TS7006: Parameter 'd' implicitly has an 'any' type.
features add/crmRevenueGallery.ts(92,24): error TS7006: Parameter 'd' implicitly has an 'any' type.
features add/crmRevenueGallery.ts(107,24): error TS7006: Parameter 'd' implicitly has an 'any' type.
features add/crmRevenueGallery.ts(181,20): error TS2307: Cannot find module 'multer' or its corresponding type declarations.
features add/crmRevenueGallery.ts(206,49): error TS2307: Cannot find module '../config/firebase' or its corresponding type declarations.
features add/CRMTable.tsx(6,28): error TS2307: Cannot find module '../../services/api' or its corresponding type declarations.
features add/CRMTable.tsx(7,29): error TS2307: Cannot find module '../../types' or its corresponding type declarations.
features add/GalleryManager.tsx(6,32): error TS2307: Cannot find module '../../services/api' or its corresponding type declarations.
features add/GalleryManager.tsx(7,34): error TS2307: Cannot find module '../../types' or its corresponding type declarations.
features add/GallerySection.tsx(7,32): error TS2307: Cannot find module '../services/api' or its corresponding type declarations.
features add/GallerySection.tsx(8,34): error TS2307: Cannot find module '../types' or its corresponding type declarations.
features add/mnt/user-data/outputs/backend/src/index.ts(6,21): error TS7016: Could not find a declaration file for module 'express'. 'C:/Users/PC/.gemini/antigravity/scratch/mens-salon/node_modules/express/index.js' implicitly has an 'any' type.
  Try `npm i --save-dev @types/express` if it exists or add a new declaration (.d.ts) file containing `declare module 'express';`
features add/mnt/user-data/outputs/backend/src/index.ts(7,18): error TS7016: Could not find a declaration file for module 'cors'. 'C:/Users/PC/.gemini/antigravity/scratch/mens-salon/node_modules/cors/lib/index.js' implicitly has an 'any' type.
  Try `npm i --save-dev @types/cors` if it exists or add a new declaration (.d.ts) file containing `declare module 'cors';`
features add/mnt/user-data/outputs/backend/src/index.ts(15,28): error TS2307: Cannot find module './routes/staffRoutes' or its corresponding type declarations.
features add/mnt/user-data/outputs/backend/src/index.ts(16,28): error TS2307: Cannot find module './controllers/slotController' or its corresponding type declarations.
features add/mnt/user-data/outputs/backend/src/index.ts(17,61): error TS2307: Cannot find module './controllers/paymentController' or its corresponding type declarations.
features add/mnt/user-data/outputs/backend/src/index.ts(18,46): error TS2307: Cannot find module './controllers/crmRevenueGallery' or its corresponding type declarations.
features add/mnt/user-data/outputs/backend/src/index.ts(19,33): error TS2307: Cannot find module './controllers/crmRevenueGallery' or its corresponding type declarations.
features add/mnt/user-data/outputs/backend/src/index.ts(22,8): error TS2307: Cannot find module './controllers/crmRevenueGallery' or its corresponding type declarations.
features add/mnt/user-data/outputs/backend/src/index.ts(23,35): error TS2307: Cannot find module './services/reminderService' or its corresponding type declarations.
features add/paymentController.ts(5,35): error TS7016: Could not find a declaration file for module 'express'. 'C:/Users/PC/.gemini/antigravity/scratch/mens-salon/node_modules/express/index.js' implicitly has an 'any' type.
  Try `npm i --save-dev @types/express` if it exists or add a new declaration (.d.ts) file containing `declare module 'express';`
features add/paymentController.ts(7,26): error TS2307: Cannot find module '../config/razorpay' or its corresponding type declarations.
features add/paymentController.ts(8,20): error TS2307: Cannot find module '../config/firebase' or its corresponding type declarations.
features add/paymentController.ts(9,29): error TS2307: Cannot find module '../models/firestoreSchema' or its corresponding type declarations.
features add/paymentController.ts(10,41): error TS2307: Cannot find module '../services/whatsappService' or its corresponding type declarations.
features add/PaymentModal.tsx(7,32): error TS2307: Cannot find module '../../services/api' or its corresponding type declarations.
features add/PaymentModal.tsx(8,34): error TS2307: Cannot find module '../../types' or its corresponding type declarations.
features add/PaymentModal.tsx(53,26): error TS2339: Property 'env' does not exist on type 'ImportMeta'.
features add/reminderService.ts(5,18): error TS2307: Cannot find module 'node-cron' or its corresponding type declarations.
features add/reminderService.ts(6,20): error TS2307: Cannot find module '../config/firebase' or its corresponding type declarations.
features add/reminderService.ts(7,29): error TS2307: Cannot find module '../models/firestoreSchema' or its corresponding type declarations.
features add/reminderService.ts(40,41): error TS7006: Parameter 'doc' implicitly has an 'any' type.
features add/RevenueDashboard.tsx(10,32): error TS2307: Cannot find module '../../services/api' or its corresponding type declarations.
features add/RevenueDashboard.tsx(11,35): error TS2307: Cannot find module '../../types' or its corresponding type declarations.
features add/RevenueDashboard.tsx(173,39): error TS7006: Parameter '_' implicitly has an 'any' type.
features add/RevenueDashboard.tsx(173,42): error TS7006: Parameter 'i' implicitly has an 'any' type.
features add/RevenueDashboard.tsx(201,49): error TS7006: Parameter '_' implicitly has an 'any' type.
features add/RevenueDashboard.tsx(201,52): error TS7006: Parameter 'i' implicitly has an 'any' type.
features add/RevenueDashboard.tsx(209,57): error TS7006: Parameter 's' implicitly has an 'any' type.
features add/RevenueDashboard.tsx(209,60): error TS7006: Parameter 'i' implicitly has an 'any' type.
features add/RevenueDashboard.tsx(227,34): error TS7006: Parameter 's' implicitly has an 'any' type.
features add/RevenueDashboard.tsx(227,37): error TS7006: Parameter 'i' implicitly has an 'any' type.
features add/RevenueDashboard.tsx(247,98): error TS7006: Parameter 'x' implicitly has an 'any' type.
features add/slotController.ts(4,35): error TS7016: Could not find a declaration file for module 'express'. 'C:/Users/PC/.gemini/antigravity/scratch/mens-salon/node_modules/express/index.js' implicitly has an 'any' type.
  Try `npm i --save-dev @types/express` if it exists or add a new declaration (.d.ts) file containing `declare module 'express';`
features add/slotController.ts(5,31): error TS2307: Cannot find module '../services/slotEngine' or its corresponding type declarations.
features add/slotController.ts(6,20): error TS2307: Cannot find module '../config/firebase' or its corresponding type declarations.
features add/slotController.ts(7,29): error TS2307: Cannot find module '../models/firestoreSchema' or its corresponding type declarations.
features add/slotEngine.ts(5,20): error TS2307: Cannot find module '../config/firebase' or its corresponding type declarations.
features add/slotEngine.ts(6,29): error TS2307: Cannot find module '../models/firestoreSchema' or its corresponding type declarations.
features add/slotEngine.ts(46,25): error TS7006: Parameter 'doc' implicitly has an 'any' type.
features add/SlotPicker.tsx(6,31): error TS2307: Cannot find module '../../types' or its corresponding type declarations.
features add/staffController.ts(4,35): error TS7016: Could not find a declaration file for module 'express'. 'C:/Users/PC/.gemini/antigravity/scratch/mens-salon/node_modules/express/index.js' implicitly has an 'any' type.
  Try `npm i --save-dev @types/express` if it exists or add a new declaration (.d.ts) file containing `declare module 'express';`
features add/staffController.ts(5,20): error TS2307: Cannot find module '../config/firebase' or its corresponding type declarations.
features add/staffController.ts(6,29): error TS2307: Cannot find module '../models/firestoreSchema' or its corresponding type declarations.
features add/staffController.ts(13,34): error TS7006: Parameter 'd' implicitly has an 'any' type.
features add/staffController.ts(39,34): error TS7006: Parameter 'd' implicitly has an 'any' type.
features add/StaffManager.tsx(6,30): error TS2307: Cannot find module '../../services/api' or its corresponding type declarations.
features add/StaffManager.tsx(7,34): error TS2307: Cannot find module '../../types' or its corresponding type declarations.
features add/StaffManager.tsx(147,47): error TS7006: Parameter 'svcId' implicitly has an 'any' type.
features add/StaffPicker.tsx(6,34): error TS2307: Cannot find module '../../types' or its corresponding type declarations.
features add/staffRoutes.ts(4,24): error TS7016: Could not find a declaration file for module 'express'. 'C:/Users/PC/.gemini/antigravity/scratch/mens-salon/node_modules/express/index.js' implicitly has an 'any' type.
  Try `npm i --save-dev @types/express` if it exists or add a new declaration (.d.ts) file containing `declare module 'express';`
features add/staffRoutes.ts(8,8): error TS2307: Cannot find module '../controllers/staffController' or its corresponding type declarations.
forntend deisgn/App.tsx(9,28): error TS2307: Cannot find module './components/CursorGlow' or its corresponding type declarations.
forntend deisgn/App.tsx(10,29): error TS2307: Cannot find module './components/HeroSection' or its corresponding type declarations.
forntend deisgn/App.tsx(11,39): error TS2307: Cannot find module './components/ServicesGrid' or its corresponding type declarations.
forntend deisgn/App.tsx(12,29): error TS2307: Cannot find module './components/BookingForm' or its corresponding type declarations.
forntend deisgn/App.tsx(119,18): error TS2322: Type '{ children: Element; id: string; }' is not assignable to type 'IntrinsicAttributes & { children: ReactNode; className?: string | undefined; }'.
  Property 'id' does not exist on type 'IntrinsicAttributes & { children: ReactNode; className?: string | undefined; }'.
forntend deisgn/HeroSection.tsx(105,21): error TS2322: Type '{ hidden: { opacity: number; y: number; }; visible: { opacity: number; y: number; transition: { duration: number; ease: number[]; }; }; }' is not assignable to type 'Variants'.
  Property 'visible' is incompatible with index signature.
    Type '{ opacity: number; y: number; transition: { duration: number; ease: number[]; }; }' is not assignable to type 'Variant'.
      Type '{ opacity: number; y: number; transition: { duration: number; ease: number[]; }; }' is not assignable to type 'TargetAndTransition'.
        Type '{ opacity: number; y: number; transition: { duration: number; ease: number[]; }; }' is not assignable to type '{ transition?: Transition<any> | undefined; transitionEnd?: ResolvedValues$1 | undefined; }'.
          Types of property 'transition' are incompatible.
            Type '{ duration: number; ease: number[]; }' is not assignable to type 'Transition<any> | undefined'.
              Type '{ duration: number; ease: number[]; }' is not assignable to type 'TransitionWithValueOverrides<any>'.
                Type '{ duration: number; ease: number[]; }' is not assignable to type 'ValueAnimationTransition<any>'.
                  Types of property 'ease' are incompatible.
                    Type 'number[]' is not assignable to type 'Easing | Easing[] | undefined'.
                      Type 'number[]' is not assignable to type 'EasingFunction | Easing[]'.
                        Type 'number[]' is not assignable to type 'Easing[]'.
                          Type 'number' is not assignable to type 'Easing'.
forntend deisgn/HeroSection.tsx(113,11): error TS2322: Type '{ hidden: { opacity: number; y: number; }; visible: { opacity: number; y: number; transition: { duration: number; ease: number[]; }; }; }' is not assignable to type 'Variants'.
  Property 'visible' is incompatible with index signature.
    Type '{ opacity: number; y: number; transition: { duration: number; ease: number[]; }; }' is not assignable to type 'Variant'.
      Type '{ opacity: number; y: number; transition: { duration: number; ease: number[]; }; }' is not assignable to type 'TargetAndTransition'.
        Type '{ opacity: number; y: number; transition: { duration: number; ease: number[]; }; }' is not assignable to type '{ transition?: Transition<any> | undefined; transitionEnd?: ResolvedValues$1 | undefined; }'.
          Types of property 'transition' are incompatible.
            Type '{ duration: number; ease: number[]; }' is not assignable to type 'Transition<any> | undefined'.
              Type '{ duration: number; ease: number[]; }' is not assignable to type 'TransitionWithValueOverrides<any>'.
                Type '{ duration: number; ease: number[]; }' is not assignable to type 'ValueAnimationTransition<any>'.
                  Types of property 'ease' are incompatible.
                    Type 'number[]' is not assignable to type 'Easing | Easing[] | undefined'.
                      Type 'number[]' is not assignable to type 'EasingFunction | Easing[]'.
                        Type 'number[]' is not assignable to type 'Easing[]'.
                          Type 'number' is not assignable to type 'Easing'.
forntend deisgn/HeroSection.tsx(128,11): error TS2322: Type '{ hidden: { opacity: number; y: number; }; visible: { opacity: number; y: number; transition: { duration: number; ease: number[]; }; }; }' is not assignable to type 'Variants'.
  Property 'visible' is incompatible with index signature.
    Type '{ opacity: number; y: number; transition: { duration: number; ease: number[]; }; }' is not assignable to type 'Variant'.
      Type '{ opacity: number; y: number; transition: { duration: number; ease: number[]; }; }' is not assignable to type 'TargetAndTransition'.
        Type '{ opacity: number; y: number; transition: { duration: number; ease: number[]; }; }' is not assignable to type '{ transition?: Transition<any> | undefined; transitionEnd?: ResolvedValues$1 | undefined; }'.
          Types of property 'transition' are incompatible.
            Type '{ duration: number; ease: number[]; }' is not assignable to type 'Transition<any> | undefined'.
              Type '{ duration: number; ease: number[]; }' is not assignable to type 'TransitionWithValueOverrides<any>'.
                Type '{ duration: number; ease: number[]; }' is not assignable to type 'ValueAnimationTransition<any>'.
                  Types of property 'ease' are incompatible.
                    Type 'number[]' is not assignable to type 'Easing | Easing[] | undefined'.
                      Type 'number[]' is not assignable to type 'EasingFunction | Easing[]'.
                        Type 'number[]' is not assignable to type 'Easing[]'.
                          Type 'number' is not assignable to type 'Easing'.
forntend deisgn/HeroSection.tsx(136,21): error TS2322: Type '{ hidden: { opacity: number; y: number; }; visible: { opacity: number; y: number; transition: { duration: number; ease: number[]; }; }; }' is not assignable to type 'Variants'.
  Property 'visible' is incompatible with index signature.
    Type '{ opacity: number; y: number; transition: { duration: number; ease: number[]; }; }' is not assignable to type 'Variant'.
      Type '{ opacity: number; y: number; transition: { duration: number; ease: number[]; }; }' is not assignable to type 'TargetAndTransition'.
        Type '{ opacity: number; y: number; transition: { duration: number; ease: number[]; }; }' is not assignable to type '{ transition?: Transition<any> | undefined; transitionEnd?: ResolvedValues$1 | undefined; }'.
          Types of property 'transition' are incompatible.
            Type '{ duration: number; ease: number[]; }' is not assignable to type 'Transition<any> | undefined'.
              Type '{ duration: number; ease: number[]; }' is not assignable to type 'TransitionWithValueOverrides<any>'.
                Type '{ duration: number; ease: number[]; }' is not assignable to type 'ValueAnimationTransition<any>'.
                  Types of property 'ease' are incompatible.
                    Type 'number[]' is not assignable to type 'Easing | Easing[] | undefined'.
                      Type 'number[]' is not assignable to type 'EasingFunction | Easing[]'.
                        Type 'number[]' is not assignable to type 'Easing[]'.
                          Type 'number' is not assignable to type 'Easing'.
